Command line invocation:
    /Applications/Xcode.app/Contents/Developer/usr/bin/xcodebuild -scheme Relyvo -project Relyvo.xcodeproj -destination "generic/platform=iOS Simulator" build

Resolve Package Graph


Resolved source packages:
  RevenueCat: https://github.com/RevenueCat/purchases-ios-spm.git @ 5.88.0

ComputePackagePrebuildTargetDependencyGraph

Prepare packages

CreateBuildRequest

SendProjectDescription

CreateBuildOperation

ComputeTargetDependencyGraph
note: Building targets in dependency order
note: Target dependency graph (9 targets)
    Target 'Relyvo' in project 'Relyvo'
        ➜ Explicit dependency on target 'RevenueCat-product' in project 'RevenueCat'
        ➜ Explicit dependency on target 'ReceiptParser-product' in project 'RevenueCat'
        ➜ Explicit dependency on target 'RevenueCatUI-product' in project 'RevenueCat'
    Target 'RevenueCatUI-product' in project 'RevenueCat'
        ➜ Explicit dependency on target 'RevenueCatUI' in project 'RevenueCat'
        ➜ Explicit dependency on target 'RevenueCat_RevenueCatUI' in project 'RevenueCat'
        ➜ Explicit dependency on target 'RevenueCat' in project 'RevenueCat'
    Target 'RevenueCatUI' in project 'RevenueCat'
        ➜ Explicit dependency on target 'RevenueCat_RevenueCatUI' in project 'RevenueCat'
        ➜ Explicit dependency on target 'RevenueCat' in project 'RevenueCat'
    Target 'RevenueCat_RevenueCatUI' in project 'RevenueCat' (no dependencies)
    Target 'ReceiptParser-product' in project 'RevenueCat'
        ➜ Explicit dependency on target 'ReceiptParser' in project 'RevenueCat'
    Target 'ReceiptParser' in project 'RevenueCat' (no dependencies)
    Target 'RevenueCat-product' in project 'RevenueCat'
        ➜ Explicit dependency on target 'RevenueCat' in project 'RevenueCat'
        ➜ Explicit dependency on target 'RevenueCat_RevenueCat' in project 'RevenueCat'
    Target 'RevenueCat' in project 'RevenueCat'
        ➜ Explicit dependency on target 'RevenueCat_RevenueCat' in project 'RevenueCat'
    Target 'RevenueCat_RevenueCat' in project 'RevenueCat' (no dependencies)

GatherProvisioningInputs

CreateBuildDescription

ExecuteExternalTool /Applications/Xcode.app/Contents/Developer/Toolchains/XcodeDefault.xctoolchain/usr/bin/swiftc --version

ExecuteExternalTool /Applications/Xcode.app/Contents/Developer/Toolchains/XcodeDefault.xctoolchain/usr/bin/clang -v -E -dM -isysroot /Applications/Xcode.app/Contents/Developer/Platforms/iPhoneSimulator.platform/Developer/SDKs/iPhoneSimulator27.0.sdk -x c -c /dev/null

ExecuteExternalTool /Applications/Xcode.app/Contents/Developer/usr/bin/actool --version --output-format xml1

ExecuteExternalTool /Applications/Xcode.app/Contents/Developer/usr/bin/actool --print-asset-tag-combinations --output-format xml1 /Users/adityarai/Desktop/Pingly/Relyvo/Assets.xcassets

ExecuteExternalTool /Applications/Xcode.app/Contents/Developer/Toolchains/XcodeDefault.xctoolchain/usr/bin/ld -version_details

ReadFileContents /Applications/Xcode.app/Contents/Developer/Toolchains/XcodeDefault.xctoolchain/usr/share/docc/features.json

Build description signature: 84562381efd0ffb78a015673ee9c9c26
Build description path: /Users/adityarai/Library/Developer/Xcode/DerivedData/Relyvo-epfishyetyyhpkgiyevfxwqjbfzl/Build/Intermediates.noindex/XCBuildData/84562381efd0ffb78a015673ee9c9c26.xcbuilddata
ClangStatCache /Applications/Xcode.app/Contents/Developer/Toolchains/XcodeDefault.xctoolchain/usr/bin/clang-stat-cache /Applications/Xcode.app/Contents/Developer/Platforms/iPhoneSimulator.platform/Developer/SDKs/iPhoneSimulator27.0.sdk /Users/adityarai/Library/Developer/Xcode/DerivedData/SDKStatCaches.noindex/iphonesimulator27.0-24A430-8dc58220667be655e1bcc261a7455254.sdkstatcache
    cd /Users/adityarai/Desktop/Pingly/Relyvo.xcodeproj
    /Applications/Xcode.app/Contents/Developer/Toolchains/XcodeDefault.xctoolchain/usr/bin/clang-stat-cache /Applications/Xcode.app/Contents/Developer/Platforms/iPhoneSimulator.platform/Developer/SDKs/iPhoneSimulator27.0.sdk -o /Users/adityarai/Library/Developer/Xcode/DerivedData/SDKStatCaches.noindex/iphonesimulator27.0-24A430-8dc58220667be655e1bcc261a7455254.sdkstatcache

ProcessInfoPlistFile /Users/adityarai/Library/Developer/Xcode/DerivedData/Relyvo-epfishyetyyhpkgiyevfxwqjbfzl/Build/Products/Debug-iphonesimulator/RevenueCat_RevenueCat.bundle/Info.plist /Users/adityarai/Library/Developer/Xcode/DerivedData/Relyvo-epfishyetyyhpkgiyevfxwqjbfzl/Build/Intermediates.noindex/RevenueCat.build/Debug-iphonesimulator/RevenueCat_RevenueCat-b.build/empty-RevenueCat_RevenueCat.plist (in target 'RevenueCat_RevenueCat' from project 'RevenueCat')
    cd /Users/adityarai/Library/Developer/Xcode/DerivedData/Relyvo-epfishyetyyhpkgiyevfxwqjbfzl/SourcePackages/checkouts/purchases-ios-spm
    builtin-infoPlistUtility /Users/adityarai/Library/Developer/Xcode/DerivedData/Relyvo-epfishyetyyhpkgiyevfxwqjbfzl/Build/Intermediates.noindex/RevenueCat.build/Debug-iphonesimulator/RevenueCat_RevenueCat-b.build/empty-RevenueCat_RevenueCat.plist -producttype com.apple.product-type.bundle -expandbuildsettings -format binary -platform iphonesimulator -o /Users/adityarai/Library/Developer/Xcode/DerivedData/Relyvo-epfishyetyyhpkgiyevfxwqjbfzl/Build/Products/Debug-iphonesimulator/RevenueCat_RevenueCat.bundle/Info.plist

SwiftDriver Relyvo normal x86_64 com.apple.xcode.tools.swift.compiler (in target 'Relyvo' from project 'Relyvo')
    cd /Users/adityarai/Desktop/Pingly
    builtin-SwiftDriver -- /Applications/Xcode.app/Contents/Developer/Toolchains/XcodeDefault.xctoolchain/usr/bin/swiftc -module-name Relyvo -Onone @/Users/adityarai/Library/Developer/Xcode/DerivedData/Relyvo-epfishyetyyhpkgiyevfxwqjbfzl/Build/Intermediates.noindex/Relyvo.build/Debug-iphonesimulator/Relyvo.build/Objects-normal/x86_64/Relyvo.SwiftFileList -DDEBUG -default-isolation\=MainActor -enable-bare-slash-regex -enable-upcoming-feature DisableOutwardActorInference -enable-upcoming-feature InferSendableFromCaptures -enable-upcoming-feature GlobalActorIsolatedTypesUsability -enable-upcoming-feature MemberImportVisibility -enable-upcoming-feature InferIsolatedConformances -enable-upcoming-feature NonisolatedNonsendingByDefault -enable-experimental-feature DebugDescriptionMacro -sdk /Applications/Xcode.app/Contents/Developer/Platforms/iPhoneSimulator.platform/Developer/SDKs/iPhoneSimulator27.0.sdk -target x86_64-apple-ios18.0-simulator -g -module-cache-path /Users/adityarai/Library/Developer/Xcode/DerivedData/ModuleCache.noindex -Xfrontend -serialize-debugging-options -enable-testing -index-store-path /Users/adityarai/Library/Developer/Xcode/DerivedData/Relyvo-epfishyetyyhpkgiyevfxwqjbfzl/Index.noindex/DataStore -Xcc -D_LIBCPP_HARDENING_MODE\=_LIBCPP_HARDENING_MODE_DEBUG -swift-version 5 -I /Users/adityarai/Library/Developer/Xcode/DerivedData/Relyvo-epfishyetyyhpkgiyevfxwqjbfzl/Build/Products/Debug-iphonesimulator -F /Users/adityarai/Library/Developer/Xcode/DerivedData/Relyvo-epfishyetyyhpkgiyevfxwqjbfzl/Build/Products/Debug-iphonesimulator/PackageFrameworks -F /Users/adityarai/Library/Developer/Xcode/DerivedData/Relyvo-epfishyetyyhpkgiyevfxwqjbfzl/Build/Products/Debug-iphonesimulator -emit-localized-strings -emit-localized-strings-path /Users/adityarai/Library/Developer/Xcode/DerivedData/Relyvo-epfishyetyyhpkgiyevfxwqjbfzl/Build/Intermediates.noindex/Relyvo.build/Debug-iphonesimulator/Relyvo.build/Objects-normal/x86_64 -c -j10 -enable-batch-mode -incremental -Xcc -ivfsstatcache -Xcc /Users/adityarai/Library/Developer/Xcode/DerivedData/SDKStatCaches.noindex/iphonesimulator27.0-24A430-8dc58220667be655e1bcc261a7455254.sdkstatcache -output-file-map /Users/adityarai/Library/Developer/Xcode/DerivedData/Relyvo-epfishyetyyhpkgiyevfxwqjbfzl/Build/Intermediates.noindex/Relyvo.build/Debug-iphonesimulator/Relyvo.build/Objects-normal/x86_64/Relyvo-OutputFileMap.json -save-temps -no-color-diagnostics -explicit-module-build -module-cache-path /Users/adityarai/Library/Developer/Xcode/DerivedData/Relyvo-epfishyetyyhpkgiyevfxwqjbfzl/Build/Intermediates.noindex/SwiftExplicitPrecompiledModules -clang-scanner-module-cache-path /Users/adityarai/Library/Developer/Xcode/DerivedData/ModuleCache.noindex -sdk-module-cache-path /Users/adityarai/Library/Developer/Xcode/DerivedData/SDKExplicitPrecompiledModules -emit-dependencies -emit-module -emit-module-path /Users/adityarai/Library/Developer/Xcode/DerivedData/Relyvo-epfishyetyyhpkgiyevfxwqjbfzl/Build/Intermediates.noindex/Relyvo.build/Debug-iphonesimulator/Relyvo.build/Objects-normal/x86_64/Relyvo.swiftmodule -serialize-diagnostics -dependency-scan-serialize-diagnostics-path /Users/adityarai/Library/Developer/Xcode/DerivedData/Relyvo-epfishyetyyhpkgiyevfxwqjbfzl/Build/Intermediates.noindex/Relyvo.build/Debug-iphonesimulator/Relyvo.build/Objects-normal/x86_64/Relyvo-dependency-scan.dia -validate-clang-modules-once -clang-build-session-file /Users/adityarai/Library/Developer/Xcode/DerivedData/ModuleCache.noindex/Session.modulevalidation -Xcc -fmodules-prune-interval\=86400 -Xcc -fmodules-prune-after\=345600 -emit-const-values -const-gather-protocols-list /Users/adityarai/Library/Developer/Xcode/DerivedData/Relyvo-epfishyetyyhpkgiyevfxwqjbfzl/Build/Intermediates.noindex/Relyvo.build/Debug-iphonesimulator/Relyvo.build/Objects-normal/x86_64/Relyvo_const_extract_protocols.json -Xcc -iquote -Xcc /Users/adityarai/Library/Developer/Xcode/DerivedData/Relyvo-epfishyetyyhpkgiyevfxwqjbfzl/Build/Intermediates.noindex/Relyvo.build/Debug-iphonesimulator/Relyvo.build/Relyvo-generated-files.hmap -Xcc -I/Users/adityarai/Library/Developer/Xcode/DerivedData/Relyvo-epfishyetyyhpkgiyevfxwqjbfzl/Build/Intermediates.noindex/Relyvo.build/Debug-iphonesimulator/Relyvo.build/Relyvo-own-target-headers.hmap -Xcc -I/Users/adityarai/Library/Developer/Xcode/DerivedData/Relyvo-epfishyetyyhpkgiyevfxwqjbfzl/Build/Intermediates.noindex/Relyvo.build/Debug-iphonesimulator/Relyvo.build/Relyvo-all-non-framework-target-headers.hmap -Xcc -ivfsoverlay -Xcc /Users/adityarai/Library/Developer/Xcode/DerivedData/Relyvo-epfishyetyyhpkgiyevfxwqjbfzl/Build/Intermediates.noindex/Relyvo.build/Debug-iphonesimulator/Relyvo-a3cd527d76522c0207e94a911bb432f7-VFS-iphonesimulator/all-product-headers.yaml -Xcc -iquote -Xcc /Users/adityarai/Library/Developer/Xcode/DerivedData/Relyvo-epfishyetyyhpkgiyevfxwqjbfzl/Build/Intermediates.noindex/Relyvo.build/Debug-iphonesimulator/Relyvo.build/Relyvo-project-headers.hmap -Xcc -I/Users/adityarai/Library/Developer/Xcode/DerivedData/Relyvo-epfishyetyyhpkgiyevfxwqjbfzl/Build/Products/Debug-iphonesimulator/include -Xcc -I/Users/adityarai/Library/Developer/Xcode/DerivedData/Relyvo-epfishyetyyhpkgiyevfxwqjbfzl/Build/Intermediates.noindex/Relyvo.build/Debug-iphonesimulator/Relyvo.build/DerivedSources-normal/x86_64 -Xcc -I/Users/adityarai/Library/Developer/Xcode/DerivedData/Relyvo-epfishyetyyhpkgiyevfxwqjbfzl/Build/Intermediates.noindex/Relyvo.build/Debug-iphonesimulator/Relyvo.build/DerivedSources/x86_64 -Xcc -I/Users/adityarai/Library/Developer/Xcode/DerivedData/Relyvo-epfishyetyyhpkgiyevfxwqjbfzl/Build/Intermediates.noindex/Relyvo.build/Debug-iphonesimulator/Relyvo.build/DerivedSources -Xcc -DDEBUG\=1 -emit-objc-header -emit-objc-header-path /Users/adityarai/Library/Developer/Xcode/DerivedData/Relyvo-epfishyetyyhpkgiyevfxwqjbfzl/Build/Intermediates.noindex/Relyvo.build/Debug-iphonesimulator/Relyvo.build/Objects-normal/x86_64/Relyvo-Swift.h -working-directory /Users/adityarai/Desktop/Pingly -experimental-emit-module-separately -disable-cmo

SwiftDriver Relyvo normal arm64 com.apple.xcode.tools.swift.compiler (in target 'Relyvo' from project 'Relyvo')
    cd /Users/adityarai/Desktop/Pingly
    builtin-SwiftDriver -- /Applications/Xcode.app/Contents/Developer/Toolchains/XcodeDefault.xctoolchain/usr/bin/swiftc -module-name Relyvo -Onone @/Users/adityarai/Library/Developer/Xcode/DerivedData/Relyvo-epfishyetyyhpkgiyevfxwqjbfzl/Build/Intermediates.noindex/Relyvo.build/Debug-iphonesimulator/Relyvo.build/Objects-normal/arm64/Relyvo.SwiftFileList -DDEBUG -default-isolation\=MainActor -enable-bare-slash-regex -enable-upcoming-feature DisableOutwardActorInference -enable-upcoming-feature InferSendableFromCaptures -enable-upcoming-feature GlobalActorIsolatedTypesUsability -enable-upcoming-feature MemberImportVisibility -enable-upcoming-feature InferIsolatedConformances -enable-upcoming-feature NonisolatedNonsendingByDefault -enable-experimental-feature DebugDescriptionMacro -sdk /Applications/Xcode.app/Contents/Developer/Platforms/iPhoneSimulator.platform/Developer/SDKs/iPhoneSimulator27.0.sdk -target arm64-apple-ios18.0-simulator -g -module-cache-path /Users/adityarai/Library/Developer/Xcode/DerivedData/ModuleCache.noindex -Xfrontend -serialize-debugging-options -enable-testing -index-store-path /Users/adityarai/Library/Developer/Xcode/DerivedData/Relyvo-epfishyetyyhpkgiyevfxwqjbfzl/Index.noindex/DataStore -Xcc -D_LIBCPP_HARDENING_MODE\=_LIBCPP_HARDENING_MODE_DEBUG -swift-version 5 -I /Users/adityarai/Library/Developer/Xcode/DerivedData/Relyvo-epfishyetyyhpkgiyevfxwqjbfzl/Build/Products/Debug-iphonesimulator -F /Users/adityarai/Library/Developer/Xcode/DerivedData/Relyvo-epfishyetyyhpkgiyevfxwqjbfzl/Build/Products/Debug-iphonesimulator/PackageFrameworks -F /Users/adityarai/Library/Developer/Xcode/DerivedData/Relyvo-epfishyetyyhpkgiyevfxwqjbfzl/Build/Products/Debug-iphonesimulator -emit-localized-strings -emit-localized-strings-path /Users/adityarai/Library/Developer/Xcode/DerivedData/Relyvo-epfishyetyyhpkgiyevfxwqjbfzl/Build/Intermediates.noindex/Relyvo.build/Debug-iphonesimulator/Relyvo.build/Objects-normal/arm64 -c -j10 -enable-batch-mode -incremental -Xcc -ivfsstatcache -Xcc /Users/adityarai/Library/Developer/Xcode/DerivedData/SDKStatCaches.noindex/iphonesimulator27.0-24A430-8dc58220667be655e1bcc261a7455254.sdkstatcache -output-file-map /Users/adityarai/Library/Developer/Xcode/DerivedData/Relyvo-epfishyetyyhpkgiyevfxwqjbfzl/Build/Intermediates.noindex/Relyvo.build/Debug-iphonesimulator/Relyvo.build/Objects-normal/arm64/Relyvo-OutputFileMap.json -save-temps -no-color-diagnostics -explicit-module-build -module-cache-path /Users/adityarai/Library/Developer/Xcode/DerivedData/Relyvo-epfishyetyyhpkgiyevfxwqjbfzl/Build/Intermediates.noindex/SwiftExplicitPrecompiledModules -clang-scanner-module-cache-path /Users/adityarai/Library/Developer/Xcode/DerivedData/ModuleCache.noindex -sdk-module-cache-path /Users/adityarai/Library/Developer/Xcode/DerivedData/SDKExplicitPrecompiledModules -emit-dependencies -emit-module -emit-module-path /Users/adityarai/Library/Developer/Xcode/DerivedData/Relyvo-epfishyetyyhpkgiyevfxwqjbfzl/Build/Intermediates.noindex/Relyvo.build/Debug-iphonesimulator/Relyvo.build/Objects-normal/arm64/Relyvo.swiftmodule -serialize-diagnostics -dependency-scan-serialize-diagnostics-path /Users/adityarai/Library/Developer/Xcode/DerivedData/Relyvo-epfishyetyyhpkgiyevfxwqjbfzl/Build/Intermediates.noindex/Relyvo.build/Debug-iphonesimulator/Relyvo.build/Objects-normal/arm64/Relyvo-dependency-scan.dia -validate-clang-modules-once -clang-build-session-file /Users/adityarai/Library/Developer/Xcode/DerivedData/ModuleCache.noindex/Session.modulevalidation -Xcc -fmodules-prune-interval\=86400 -Xcc -fmodules-prune-after\=345600 -emit-const-values -const-gather-protocols-list /Users/adityarai/Library/Developer/Xcode/DerivedData/Relyvo-epfishyetyyhpkgiyevfxwqjbfzl/Build/Intermediates.noindex/Relyvo.build/Debug-iphonesimulator/Relyvo.build/Objects-normal/arm64/Relyvo_const_extract_protocols.json -Xcc -iquote -Xcc /Users/adityarai/Library/Developer/Xcode/DerivedData/Relyvo-epfishyetyyhpkgiyevfxwqjbfzl/Build/Intermediates.noindex/Relyvo.build/Debug-iphonesimulator/Relyvo.build/Relyvo-generated-files.hmap -Xcc -I/Users/adityarai/Library/Developer/Xcode/DerivedData/Relyvo-epfishyetyyhpkgiyevfxwqjbfzl/Build/Intermediates.noindex/Relyvo.build/Debug-iphonesimulator/Relyvo.build/Relyvo-own-target-headers.hmap -Xcc -I/Users/adityarai/Library/Developer/Xcode/DerivedData/Relyvo-epfishyetyyhpkgiyevfxwqjbfzl/Build/Intermediates.noindex/Relyvo.build/Debug-iphonesimulator/Relyvo.build/Relyvo-all-non-framework-target-headers.hmap -Xcc -ivfsoverlay -Xcc /Users/adityarai/Library/Developer/Xcode/DerivedData/Relyvo-epfishyetyyhpkgiyevfxwqjbfzl/Build/Intermediates.noindex/Relyvo.build/Debug-iphonesimulator/Relyvo-a3cd527d76522c0207e94a911bb432f7-VFS-iphonesimulator/all-product-headers.yaml -Xcc -iquote -Xcc /Users/adityarai/Library/Developer/Xcode/DerivedData/Relyvo-epfishyetyyhpkgiyevfxwqjbfzl/Build/Intermediates.noindex/Relyvo.build/Debug-iphonesimulator/Relyvo.build/Relyvo-project-headers.hmap -Xcc -I/Users/adityarai/Library/Developer/Xcode/DerivedData/Relyvo-epfishyetyyhpkgiyevfxwqjbfzl/Build/Products/Debug-iphonesimulator/include -Xcc -I/Users/adityarai/Library/Developer/Xcode/DerivedData/Relyvo-epfishyetyyhpkgiyevfxwqjbfzl/Build/Intermediates.noindex/Relyvo.build/Debug-iphonesimulator/Relyvo.build/DerivedSources-normal/arm64 -Xcc -I/Users/adityarai/Library/Developer/Xcode/DerivedData/Relyvo-epfishyetyyhpkgiyevfxwqjbfzl/Build/Intermediates.noindex/Relyvo.build/Debug-iphonesimulator/Relyvo.build/DerivedSources/arm64 -Xcc -I/Users/adityarai/Library/Developer/Xcode/DerivedData/Relyvo-epfishyetyyhpkgiyevfxwqjbfzl/Build/Intermediates.noindex/Relyvo.build/Debug-iphonesimulator/Relyvo.build/DerivedSources -Xcc -DDEBUG\=1 -emit-objc-header -emit-objc-header-path /Users/adityarai/Library/Developer/Xcode/DerivedData/Relyvo-epfishyetyyhpkgiyevfxwqjbfzl/Build/Intermediates.noindex/Relyvo.build/Debug-iphonesimulator/Relyvo.build/Objects-normal/arm64/Relyvo-Swift.h -working-directory /Users/adityarai/Desktop/Pingly -experimental-emit-module-separately -disable-cmo

ProcessInfoPlistFile /Users/adityarai/Library/Developer/Xcode/DerivedData/Relyvo-epfishyetyyhpkgiyevfxwqjbfzl/Build/Products/Debug-iphonesimulator/RevenueCat_RevenueCatUI.bundle/Info.plist /Users/adityarai/Library/Developer/Xcode/DerivedData/Relyvo-epfishyetyyhpkgiyevfxwqjbfzl/Build/Intermediates.noindex/RevenueCat.build/Debug-iphonesimulator/RevenueCat_RevenueCatUI-b.build/empty-RevenueCat_RevenueCatUI.plist (in target 'RevenueCat_RevenueCatUI' from project 'RevenueCat')
    cd /Users/adityarai/Library/Developer/Xcode/DerivedData/Relyvo-epfishyetyyhpkgiyevfxwqjbfzl/SourcePackages/checkouts/purchases-ios-spm
    builtin-infoPlistUtility /Users/adityarai/Library/Developer/Xcode/DerivedData/Relyvo-epfishyetyyhpkgiyevfxwqjbfzl/Build/Intermediates.noindex/RevenueCat.build/Debug-iphonesimulator/RevenueCat_RevenueCatUI-b.build/empty-RevenueCat_RevenueCatUI.plist -producttype com.apple.product-type.bundle -expandbuildsettings -format binary -platform iphonesimulator -additionalcontentfile /Users/adityarai/Library/Developer/Xcode/DerivedData/Relyvo-epfishyetyyhpkgiyevfxwqjbfzl/Build/Intermediates.noindex/RevenueCat.build/Debug-iphonesimulator/RevenueCat_RevenueCatUI-b.build/assetcatalog_generated_info.plist -o /Users/adityarai/Library/Developer/Xcode/DerivedData/Relyvo-epfishyetyyhpkgiyevfxwqjbfzl/Build/Products/Debug-iphonesimulator/RevenueCat_RevenueCatUI.bundle/Info.plist

ProcessInfoPlistFile /Users/adityarai/Library/Developer/Xcode/DerivedData/Relyvo-epfishyetyyhpkgiyevfxwqjbfzl/Build/Products/Debug-iphonesimulator/Relyvo.app/Info.plist /Users/adityarai/Desktop/Pingly/Relyvo-Info.plist (in target 'Relyvo' from project 'Relyvo')
    cd /Users/adityarai/Desktop/Pingly
    builtin-infoPlistUtility /Users/adityarai/Desktop/Pingly/Relyvo-Info.plist -producttype com.apple.product-type.application -genpkginfo /Users/adityarai/Library/Developer/Xcode/DerivedData/Relyvo-epfishyetyyhpkgiyevfxwqjbfzl/Build/Products/Debug-iphonesimulator/Relyvo.app/PkgInfo -expandbuildsettings -format binary -platform iphonesimulator -additionalcontentfile /Users/adityarai/Library/Developer/Xcode/DerivedData/Relyvo-epfishyetyyhpkgiyevfxwqjbfzl/Build/Intermediates.noindex/Relyvo.build/Debug-iphonesimulator/Relyvo.build/assetcatalog_generated_info.plist -scanforprivacyfile /Users/adityarai/Library/Developer/Xcode/DerivedData/Relyvo-epfishyetyyhpkgiyevfxwqjbfzl/Build/Products/Debug-iphonesimulator/Relyvo.app/RevenueCat_RevenueCat.bundle -scanforprivacyfile /Users/adityarai/Library/Developer/Xcode/DerivedData/Relyvo-epfishyetyyhpkgiyevfxwqjbfzl/Build/Products/Debug-iphonesimulator/Relyvo.app/RevenueCat_RevenueCatUI.bundle -o /Users/adityarai/Library/Developer/Xcode/DerivedData/Relyvo-epfishyetyyhpkgiyevfxwqjbfzl/Build/Products/Debug-iphonesimulator/Relyvo.app/Info.plist

SwiftEmitModule normal arm64 Emitting\ module\ for\ Relyvo (in target 'Relyvo' from project 'Relyvo')

SwiftCompile normal arm64 (in target 'Relyvo' from project 'Relyvo')
    cd /Users/adityarai/Desktop/Pingly
    

SwiftCompile normal arm64 Compiling\ RadioCallViewModel.swift /Users/adityarai/Desktop/Pingly/Relyvo/ViewModels/RadioCallViewModel.swift (in target 'Relyvo' from project 'Relyvo')
/Users/adityarai/Desktop/Pingly/Relyvo/ViewModels/RadioCallViewModel.swift:129:30: error: cannot find 'FetchDescriptor' in scope
127 |         Task { @MainActor [weak self] in
128 |             guard let self = self else { return }
129 |             let descriptor = FetchDescriptor<SDChatMessage>(
    |                              `- error: cannot find 'FetchDescriptor' in scope
130 |                 predicate: #Predicate { $0.channel == channelName },
131 |                 sortBy: [SortDescriptor(\.timestamp, order: .forward)]

/Users/adityarai/Desktop/Pingly/Relyvo/ViewModels/RadioCallViewModel.swift:130:28: error: generic parameter 'each Input' could not be inferred
128 |             guard let self = self else { return }
129 |             let descriptor = FetchDescriptor<SDChatMessage>(
130 |                 predicate: #Predicate { $0.channel == channelName },
    |                            `- error: generic parameter 'each Input' could not be inferred
131 |                 sortBy: [SortDescriptor(\.timestamp, order: .forward)]
132 |             )

/Users/adityarai/Desktop/Pingly/Relyvo/ViewModels/RadioCallViewModel.swift:131:41: error: cannot infer key path type from context; consider explicitly specifying a root type
129 |             let descriptor = FetchDescriptor<SDChatMessage>(
130 |                 predicate: #Predicate { $0.channel == channelName },
131 |                 sortBy: [SortDescriptor(\.timestamp, order: .forward)]
    |                                         `- error: cannot infer key path type from context; consider explicitly specifying a root type
132 |             )
133 |             if let saved = try? SwiftDataService.shared.context.fetch(descriptor) {
Failed frontend command:
/Applications/Xcode.app/Contents/Developer/Toolchains/XcodeDefault.xctoolchain/usr/bin/swift-frontend -frontend -c /Users/adityarai/Desktop/Pingly/Relyvo/Managers/AdaptiveJitterBufferManager.swift /Users/adityarai/Desktop/Pingly/Relyvo/Managers/AppleSignInManager.swift /Users/adityarai/Desktop/Pingly/Relyvo/Managers/ATTManager.swift /Users/adityarai/Desktop/Pingly/Relyvo/Managers/AudioStreamEngine.swift /Users/adityarai/Desktop/Pingly/Relyvo/Managers/BackgroundAudioSessionManager.swift /Users/adityarai/Desktop/Pingly/Relyvo/Managers/BackgroundTaskManager.swift /Users/adityarai/Desktop/Pingly/Relyvo/Managers/ChannelPresenceManager.swift /Users/adityarai/Desktop/Pingly/Relyvo/Managers/FeatureAccessManager.swift /Users/adityarai/Desktop/Pingly/Relyvo/Managers/HapticsManager.swift /Users/adityarai/Desktop/Pingly/Relyvo/Managers/OpusCodecManager.swift /Users/adityarai/Desktop/Pingly/Relyvo/Managers/SpeechTranscriberManager.swift /Users/adityarai/Desktop/Pingly/Relyvo/Managers/SubscriptionManager.swift /Users/adityarai/Desktop/Pingly/Relyvo/Managers/VoiceMessagePlayerManager.swift /Users/adityarai/Desktop/Pingly/Relyvo/Managers/VoiceStorageManager.swift /Users/adityarai/Desktop/Pingly/Relyvo/Managers/WalkieTalkieNetworkManager.swift /Users/adityarai/Desktop/Pingly/Relyvo/Models/EmergencyStatus.swift /Users/adityarai/Desktop/Pingly/Relyvo/Models/LocationSessionState.swift /Users/adityarai/Desktop/Pingly/Relyvo/Models/Message.swift /Users/adityarai/Desktop/Pingly/Relyvo/Models/NavigationState.swift /Users/adityarai/Desktop/Pingly/Relyvo/Models/NavigationTarget.swift /Users/adityarai/Desktop/Pingly/Relyvo/Models/OfflineRegionError.swift /Users/adityarai/Desktop/Pingly/Relyvo/Models/OfflineRegionManifest.swift /Users/adityarai/Desktop/Pingly/Relyvo/Models/OfflineRegionStatus.swift /Users/adityarai/Desktop/Pingly/Relyvo/Models/PeerDevice.swift /Users/adityarai/Desktop/Pingly/Relyvo/Models/RadioSession.swift /Users/adityarai/Desktop/Pingly/Relyvo/Models/RouteProgress.swift /Users/adityarai/Desktop/Pingly/Relyvo/Models/RoutingModels.swift /Users/adityarai/Desktop/Pingly/Relyvo/Models/SDAudioSegment.swift /Users/adityarai/Desktop/Pingly/Relyvo/Models/SDVoiceMessage.swift /Users/adityarai/Desktop/Pingly/Relyvo/Models/SubscriptionStatus.swift /Users/adityarai/Desktop/Pingly/Relyvo/Models/SwiftDataModels.swift /Users/adityarai/Desktop/Pingly/Relyvo/Services/Protocols/MultipeerServiceProtocol.swift /Users/adityarai/Desktop/Pingly/Relyvo/Services/BLEBeaconService.swift /Users/adityarai/Desktop/Pingly/Relyvo/Services/BreadcrumbTrackingService.swift /Users/adityarai/Desktop/Pingly/Relyvo/Services/ChannelAccessGate.swift /Users/adityarai/Desktop/Pingly/Relyvo/Services/CloudSyncService.swift /Users/adityarai/Desktop/Pingly/Relyvo/Services/CompassHapticManager.swift /Users/adityarai/Desktop/Pingly/Relyvo/Services/DataExportService.swift /Users/adityarai/Desktop/Pingly/Relyvo/Services/DirectChatGate.swift /Users/adityarai/Desktop/Pingly/Relyvo/Services/KeychainIdentityService.swift /Users/adityarai/Desktop/Pingly/Relyvo/Services/LocationService.swift /Users/adityarai/Desktop/Pingly/Relyvo/Services/LocationShareManager.swift /Users/adityarai/Desktop/Pingly/Relyvo/Services/MeshNotificationManager.swift /Users/adityarai/Desktop/Pingly/Relyvo/Services/MeshOutboundQueue.swift /Users/adityarai/Desktop/Pingly/Relyvo/Services/MeshPacketHeader.swift /Users/adityarai/Desktop/Pingly/Relyvo/Services/MultipeerService.swift /Users/adityarai/Desktop/Pingly/Relyvo/Services/OfflineMapService.swift /Users/adityarai/Desktop/Pingly/Relyvo/Services/OfflineNavigationService.swift /Users/adityarai/Desktop/Pingly/Relyvo/Services/OfflineRegionCatalog.swift /Users/adityarai/Desktop/Pingly/Relyvo/Services/OfflineRegionManager.swift /Users/adityarai/Desktop/Pingly/Relyvo/Services/OfflineRegionPackageInstaller.swift /Users/adityarai/Desktop/Pingly/Relyvo/Services/OfflineRegionPackageValidator.swift /Users/adityarai/Desktop/Pingly/Relyvo/Services/OfflineRoutingService.swift /Users/adityarai/Desktop/Pingly/Relyvo/Services/PersistenceActor.swift /Users/adityarai/Desktop/Pingly/Relyvo/Services/RadioAudioService.swift /Users/adityarai/Desktop/Pingly/Relyvo/Services/RegionSuggestionService.swift /Users/adityarai/Desktop/Pingly/Relyvo/Services/RouteProgressService.swift /Users/adityarai/Desktop/Pingly/Relyvo/Services/RoutingDatabase.swift /Users/adityarai/Desktop/Pingly/Relyvo/Services/SubscriptionServiceProtocol.swift /Users/adityarai/Desktop/Pingly/Relyvo/Services/SwiftDataService.swift /Users/adityarai/Desktop/Pingly/Relyvo/Services/VoiceGuidanceService.swift /Users/adityarai/Desktop/Pingly/Relyvo/Services/VoiceSeenCache.swift /Users/adityarai/Desktop/Pingly/Relyvo/Utilities/CircularAngleHelper.swift /Users/adityarai/Desktop/Pingly/Relyvo/Utilities/Constants.swift /Users/adityarai/Desktop/Pingly/Relyvo/Utilities/DirectConversationID.swift /Users/adityarai/Desktop/Pingly/Relyvo/Utilities/Extensions.swift /Users/adityarai/Desktop/Pingly/Relyvo/Utilities/FriendProtocolTests.swift /Users/adityarai/Desktop/Pingly/Relyvo/Utilities/IdentityManager.swift /Users/adityarai/Desktop/Pingly/Relyvo/Utilities/Logger.swift /Users/adityarai/Desktop/Pingly/Relyvo/Utilities/LoopbackTestHarness.swift /Users/adityarai/Desktop/Pingly/Relyvo/Utilities/MeshSecurityManager.swift /Users/adityarai/Desktop/Pingly/Relyvo/Utilities/NavigationEngineTests.swift /Users/adityarai/Desktop/Pingly/Relyvo/Utilities/NavigationUITests.swift /Users/adityarai/Desktop/Pingly/Relyvo/Utilities/NodeIdentity.swift /Users/adityarai/Desktop/Pingly/Relyvo/Utilities/OfflineRegionManagerTests.swift /Users/adityarai/Desktop/Pingly/Relyvo/Utilities/OfflineRegionPackageTests.swift /Users/adityarai/Desktop/Pingly/Relyvo/Utilities/OfflineRegionUITests.swift /Users/adityarai/Desktop/Pingly/Relyvo/Utilities/PhysicalValidationLogger.swift /Users/adityarai/Desktop/Pingly/Relyvo/Utilities/PinglyHardeningTests.swift /Users/adityarai/Desktop/Pingly/Relyvo/Utilities/PinglyTransportLogger.swift /Users/adityarai/Desktop/Pingly/Relyvo/Utilities/PTTMeshTests.swift /Users/adityarai/Desktop/Pingly/Relyvo/Utilities/RouteProgressTests.swift /Users/adityarai/Desktop/Pingly/Relyvo/Utilities/RoutingTests.swift /Users/adityarai/Desktop/Pingly/Relyvo/Utilities/Theme.swift /Users/adityarai/Desktop/Pingly/Relyvo/Utilities/UsernameGenerator.swift /Users/adityarai/Desktop/Pingly/Relyvo/ViewModels/BreadcrumbViewModel.swift /Users/adityarai/Desktop/Pingly/Relyvo/ViewModels/MessagesViewModel.swift /Users/adityarai/Desktop/Pingly/Relyvo/ViewModels/NavigationViewModel.swift /Users/adityarai/Desktop/Pingly/Relyvo/ViewModels/OfflineRegionInstallerViewModel.swift /Users/adityarai/Desktop/Pingly/Relyvo/ViewModels/RadarViewModel.swift -primary-file /Users/adityarai/Desktop/Pingly/Relyvo/ViewModels/RadioCallViewModel.swift /Users/adityarai/Desktop/Pingly/Relyvo/ViewModels/SettingsViewModel.swift /Users/adityarai/Desktop/Pingly/Relyvo/ViewModels/TacticalMapViewModel.swift /Users/adityarai/Desktop/Pingly/Relyvo/Views/Auth/AppleSignInScreen.swift /Users/adityarai/Desktop/Pingly/Relyvo/Views/Auth/AppleSignInView.swift /Users/adityarai/Desktop/Pingly/Relyvo/Views/Diagnostics/InAppConsoleOverlay.swift /Users/adityarai/Desktop/Pingly/Relyvo/Views/Diagnostics/PhysicalValidationHubView.swift /Users/adityarai/Desktop/Pingly/Relyvo/Views/Main/MainTabView.swift /Users/adityarai/Desktop/Pingly/Relyvo/Views/Main/ProFeatureLockOverlay.swift /Users/adityarai/Desktop/Pingly/Relyvo/Views/Messages/ChatView.swift /Users/adityarai/Desktop/Pingly/Relyvo/Views/Messages/LocationMessageCardView.swift /Users/adityarai/Desktop/Pingly/Relyvo/Views/Messages/MessagesView.swift /Users/adityarai/Desktop/Pingly/Relyvo/Views/Messages/RelativeLocationView.swift /Users/adityarai/Desktop/Pingly/Relyvo/Views/Navigation/BreadcrumbTrailView.swift /Users/adityarai/Desktop/Pingly/Relyvo/Views/Navigation/OfflineNavigationView.swift /Users/adityarai/Desktop/Pingly/Relyvo/Views/Navigation/TacticalMapView.swift /Users/adityarai/Desktop/Pingly/Relyvo/Views/OfflineRegions/OfflineRegionCardView.swift /Users/adityarai/Desktop/Pingly/Relyvo/Views/OfflineRegions/OfflineRegionDetailView.swift /Users/adityarai/Desktop/Pingly/Relyvo/Views/OfflineRegions/OfflineRegionInstallationStateView.swift /Users/adityarai/Desktop/Pingly/Relyvo/Views/OfflineRegions/OfflineRegionsView.swift /Users/adityarai/Desktop/Pingly/Relyvo/Views/Radar/RadarView.swift /Users/adityarai/Desktop/Pingly/Relyvo/Views/Radio/IncomingRequestView.swift /Users/adityarai/Desktop/Pingly/Relyvo/Views/Radio/RadioCallView.swift /Users/adityarai/Desktop/Pingly/Relyvo/Views/Radio/VoiceMessageBubbleView.swift /Users/adityarai/Desktop/Pingly/Relyvo/Views/Settings/MeshDiagnosticsView.swift /Users/adityarai/Desktop/Pingly/Relyvo/Views/Settings/SettingsView.swift /Users/adityarai/Desktop/Pingly/Relyvo/Views/Settings/SubscriptionPaywallView.swift /Users/adityarai/Desktop/Pingly/Relyvo/Views/Splash/AnimatedSplashScreenView.swift /Users/adityarai/Desktop/Pingly/Relyvo/ContentView.swift /Users/adityarai/Desktop/Pingly/Relyvo/RelyvoApp.swift /Users/adityarai/Library/Developer/Xcode/DerivedData/Relyvo-epfishyetyyhpkgiyevfxwqjbfzl/Build/Intermediates.noindex/Relyvo.build/Debug-iphonesimulator/Relyvo.build/DerivedSources/GeneratedAssetSymbols.swift -emit-dependencies-path /Users/adityarai/Library/Developer/Xcode/DerivedData/Relyvo-epfishyetyyhpkgiyevfxwqjbfzl/Build/Intermediates.noindex/Relyvo.build/Debug-iphonesimulator/Relyvo.build/Objects-normal/arm64/RadioCallViewModel.d -emit-const-values-path /Users/adityarai/Library/Developer/Xcode/DerivedData/Relyvo-epfishyetyyhpkgiyevfxwqjbfzl/Build/Intermediates.noindex/Relyvo.build/Debug-iphonesimulator/Relyvo.build/Objects-normal/arm64/RadioCallViewModel.swiftconstvalues -emit-reference-dependencies-path /Users/adityarai/Library/Developer/Xcode/DerivedData/Relyvo-epfishyetyyhpkgiyevfxwqjbfzl/Build/Intermediates.noindex/Relyvo.build/Debug-iphonesimulator/Relyvo.build/Objects-normal/arm64/RadioCallViewModel.swiftdeps -serialize-diagnostics-path /Users/adityarai/Library/Developer/Xcode/DerivedData/Relyvo-epfishyetyyhpkgiyevfxwqjbfzl/Build/Intermediates.noindex/Relyvo.build/Debug-iphonesimulator/Relyvo.build/Objects-normal/arm64/RadioCallViewModel.dia -emit-localized-strings -emit-localized-strings-path /Users/adityarai/Library/Developer/Xcode/DerivedData/Relyvo-epfishyetyyhpkgiyevfxwqjbfzl/Build/Intermediates.noindex/Relyvo.build/Debug-iphonesimulator/Relyvo.build/Objects-normal/arm64 -target arm64-apple-ios18.0-simulator -module-can-import-version DeveloperToolsSupport 24.0.24 24.0.24 -module-can-import-version SwiftUI 8.0.84.1 8.0.84 -module-can-import-version UIKit 9127.0.84.1 9127.0.84 -disable-cross-import-overlay-search -swift-module-cross-import AuthenticationServices /Applications/Xcode.app/Contents/Developer/Platforms/iPhoneSimulator.platform/Developer/SDKs/iPhoneSimulator.sdk/System/Cryptexes/OS/System/Library/Frameworks/AuthenticationServices.framework/Modules/AuthenticationServices.swiftcrossimport/SwiftUI.swiftoverlay -swift-module-cross-import AuthenticationServices /Applications/Xcode.app/Contents/Developer/Platforms/iPhoneSimulator.platform/Developer/SDKs/iPhoneSimulator27.0.sdk/System/Library/Frameworks/AuthenticationServices.framework/Modules/AuthenticationServices.swiftcrossimport/SwiftUI.swiftoverlay -swift-module-cross-import StoreKit /Applications/Xcode.app/Contents/Developer/Platforms/iPhoneSimulator.platform/Developer/SDKs/iPhoneSimulator.sdk/System/Library/Frameworks/StoreKit.framework/Modules/StoreKit.swiftcrossimport/SwiftUI.swiftoverlay -swift-module-cross-import StoreKit /Applications/Xcode.app/Contents/Developer/Platforms/iPhoneSimulator.platform/Developer/SDKs/iPhoneSimulator27.0.sdk/System/Library/Frameworks/StoreKit.framework/Modules/StoreKit.swiftcrossimport/SwiftUI.swiftoverlay -swift-module-cross-import SwiftData /Applications/Xcode.app/Contents/Developer/Platforms/iPhoneSimulator.platform/Developer/SDKs/iPhoneSimulator27.0.sdk/System/Library/Frameworks/SwiftData.framework/Modules/SwiftData.swiftcrossimport/CoreData.swiftoverlay -swift-module-cross-import SwiftData /Applications/Xcode.app/Contents/Developer/Platforms/iPhoneSimulator.platform/Developer/SDKs/iPhoneSimulator27.0.sdk/System/Library/Frameworks/SwiftData.framework/Modules/SwiftData.swiftcrossimport/SwiftUI.swiftoverlay -swift-module-cross-import UserNotifications /Applications/Xcode.app/Contents/Developer/Platforms/iPhoneSimulator.platform/Developer/SDKs/iPhoneSimulator.sdk/System/Library/Frameworks/UserNotifications.framework/Modules/UserNotifications.swiftcrossimport/AppIntents.swiftoverlay -load-resolved-plugin /Applications/Xcode.app/Contents/Developer/Platforms/iPhoneOS.platform/Developer/usr/lib/swift/host/plugins/libFoundationMacros.dylib\#/Applications/Xcode.app/Contents/Developer/Platforms/iPhoneOS.platform/Developer/usr/bin/swift-plugin-server\#FoundationMacros -load-resolved-plugin /Applications/Xcode.app/Contents/Developer/Platforms/iPhoneOS.platform/Developer/usr/lib/swift/host/plugins/libObservationMacros.dylib\#/Applications/Xcode.app/Contents/Developer/Platforms/iPhoneOS.platform/Developer/usr/bin/swift-plugin-server\#ObservationMacros -load-resolved-plugin /Applications/Xcode.app/Contents/Developer/Platforms/iPhoneOS.platform/Developer/usr/lib/swift/host/plugins/libPreviewsMacros.dylib\#/Applications/Xcode.app/Contents/Developer/Platforms/iPhoneOS.platform/Developer/usr/bin/swift-plugin-server\#PreviewsMacros -load-resolved-plugin /Applications/Xcode.app/Contents/Developer/Platforms/iPhoneOS.platform/Developer/usr/lib/swift/host/plugins/libSwiftDataMacros.dylib\#/Applications/Xcode.app/Contents/Developer/Platforms/iPhoneOS.platform/Developer/usr/bin/swift-plugin-server\#SwiftDataMacros -load-resolved-plugin /Applications/Xcode.app/Contents/Developer/Platforms/iPhoneOS.platform/Developer/usr/lib/swift/host/plugins/libSwiftMacros.dylib\#/Applications/Xcode.app/Contents/Developer/Platforms/iPhoneOS.platform/Developer/usr/bin/swift-plugin-server\#SwiftMacros -load-resolved-plugin /Applications/Xcode.app/Contents/Developer/Platforms/iPhoneOS.platform/Developer/usr/lib/swift/host/plugins/libSwiftUIMacros.dylib\#/Applications/Xcode.app/Contents/Developer/Platforms/iPhoneOS.platform/Developer/usr/bin/swift-plugin-server\#SwiftUIMacros -load-resolved-plugin /Applications/Xcode.app/Contents/Developer/Platforms/iPhoneOS.platform/Developer/usr/lib/swift/host/plugins/libTipKitMacros.dylib\#/Applications/Xcode.app/Contents/Developer/Platforms/iPhoneOS.platform/Developer/usr/bin/swift-plugin-server\#TipKitMacros -disable-implicit-swift-modules -Xcc -fno-implicit-modules -Xcc -fno-implicit-module-maps -explicit-swift-module-map-file /Users/adityarai/Library/Developer/Xcode/DerivedData/Relyvo-epfishyetyyhpkgiyevfxwqjbfzl/Build/Intermediates.noindex/Relyvo.build/Debug-iphonesimulator/Relyvo.build/Objects-normal/arm64/Relyvo-dependencies-1.json -Xllvm -aarch64-use-tbi -enable-objc-interop -sdk /Applications/Xcode.app/Contents/Developer/Platforms/iPhoneSimulator.platform/Developer/SDKs/iPhoneSimulator27.0.sdk -I /Users/adityarai/Library/Developer/Xcode/DerivedData/Relyvo-epfishyetyyhpkgiyevfxwqjbfzl/Build/Products/Debug-iphonesimulator -F /Users/adityarai/Library/Developer/Xcode/DerivedData/Relyvo-epfishyetyyhpkgiyevfxwqjbfzl/Build/Products/Debug-iphonesimulator/PackageFrameworks -F /Users/adityarai/Library/Developer/Xcode/DerivedData/Relyvo-epfishyetyyhpkgiyevfxwqjbfzl/Build/Products/Debug-iphonesimulator -module-cache-path /Users/adityarai/Library/Developer/Xcode/DerivedData/Relyvo-epfishyetyyhpkgiyevfxwqjbfzl/Build/Intermediates.noindex/SwiftExplicitPrecompiledModules -no-color-diagnostics -Xcc -fno-color-diagnostics -enable-testing -g -debug-info-format\=dwarf -dwarf-version\=5 -swift-version 5 -Onone -D DEBUG -serialize-debugging-options -enable-upcoming-feature DisableOutwardActorInference -enable-upcoming-feature InferSendableFromCaptures -enable-upcoming-feature GlobalActorIsolatedTypesUsability -enable-upcoming-feature MemberImportVisibility -enable-upcoming-feature InferIsolatedConformances -enable-upcoming-feature NonisolatedNonsendingByDefault -enable-experimental-feature DebugDescriptionMacro -enable-bare-slash-regex -default-isolation\=MainActor -empty-abi-descriptor -validate-clang-modules-once -clang-build-session-file /Users/adityarai/Library/Developer/Xcode/DerivedData/ModuleCache.noindex/Session.modulevalidation -Xcc -working-directory -Xcc /Users/adityarai/Desktop/Pingly -enable-anonymous-context-mangled-names -file-compilation-dir /Users/adityarai/Desktop/Pingly -Xcc -D_LIBCPP_HARDENING_MODE\=_LIBCPP_HARDENING_MODE_DEBUG -Xcc -ivfsstatcache -Xcc /Users/adityarai/Library/Developer/Xcode/DerivedData/SDKStatCaches.noindex/iphonesimulator27.0-24A430-8dc58220667be655e1bcc261a7455254.sdkstatcache -Xcc -fmodules-prune-interval\=86400 -Xcc -fmodules-prune-after\=345600 -Xcc -iquote -Xcc /Users/adityarai/Library/Developer/Xcode/DerivedData/Relyvo-epfishyetyyhpkgiyevfxwqjbfzl/Build/Intermediates.noindex/Relyvo.build/Debug-iphonesimulator/Relyvo.build/Relyvo-generated-files.hmap -Xcc -I/Users/adityarai/Library/Developer/Xcode/DerivedData/Relyvo-epfishyetyyhpkgiyevfxwqjbfzl/Build/Intermediates.noindex/Relyvo.build/Debug-iphonesimulator/Relyvo.build/Relyvo-own-target-headers.hmap -Xcc -I/Users/adityarai/Library/Developer/Xcode/DerivedData/Relyvo-epfishyetyyhpkgiyevfxwqjbfzl/Build/Intermediates.noindex/Relyvo.build/Debug-iphonesimulator/Relyvo.build/Relyvo-all-non-framework-target-headers.hmap -Xcc -ivfsoverlay -Xcc /Users/adityarai/Library/Developer/Xcode/DerivedData/Relyvo-epfishyetyyhpkgiyevfxwqjbfzl/Build/Intermediates.noindex/Relyvo.build/Debug-iphonesimulator/Relyvo-a3cd527d76522c0207e94a911bb432f7-VFS-iphonesimulator/all-product-headers.yaml -Xcc -iquote -Xcc /Users/adityarai/Library/Developer/Xcode/DerivedData/Relyvo-epfishyetyyhpkgiyevfxwqjbfzl/Build/Intermediates.noindex/Relyvo.build/Debug-iphonesimulator/Relyvo.build/Relyvo-project-headers.hmap -Xcc -I/Users/adityarai/Library/Developer/Xcode/DerivedData/Relyvo-epfishyetyyhpkgiyevfxwqjbfzl/Build/Products/Debug-iphonesimulator/include -Xcc -I/Users/adityarai/Library/Developer/Xcode/DerivedData/Relyvo-epfishyetyyhpkgiyevfxwqjbfzl/Build/Intermediates.noindex/Relyvo.build/Debug-iphonesimulator/Relyvo.build/DerivedSources-normal/arm64 -Xcc -I/Users/adityarai/Library/Developer/Xcode/DerivedData/Relyvo-epfishyetyyhpkgiyevfxwqjbfzl/Build/Intermediates.noindex/Relyvo.build/Debug-iphonesimulator/Relyvo.build/DerivedSources/arm64 -Xcc -I/Users/adityarai/Library/Developer/Xcode/DerivedData/Relyvo-epfishyetyyhpkgiyevfxwqjbfzl/Build/Intermediates.noindex/Relyvo.build/Debug-iphonesimulator/Relyvo.build/DerivedSources -Xcc -DDEBUG\=1 -no-auto-bridging-header-chaining -module-name Relyvo -const-gather-protocols-file /Users/adityarai/Library/Developer/Xcode/DerivedData/Relyvo-epfishyetyyhpkgiyevfxwqjbfzl/Build/Intermediates.noindex/Relyvo.build/Debug-iphonesimulator/Relyvo.build/Objects-normal/arm64/Relyvo_const_extract_protocols.json -disable-clang-spi -clang-target arm64-apple-ios27.0-simulator -target-sdk-version 27.0 -target-sdk-name iphonesimulator27.0 -in-process-plugin-server-path /Applications/Xcode.app/Contents/Developer/Toolchains/XcodeDefault.xctoolchain/usr/lib/swift/host/libSwiftInProcPluginServer.dylib -o /Users/adityarai/Library/Developer/Xcode/DerivedData/Relyvo-epfishyetyyhpkgiyevfxwqjbfzl/Build/Intermediates.noindex/Relyvo.build/Debug-iphonesimulator/Relyvo.build/Objects-normal/arm64/RadioCallViewModel.o -debug-module-path /Users/adityarai/Library/Developer/Xcode/DerivedData/Relyvo-epfishyetyyhpkgiyevfxwqjbfzl/Build/Intermediates.noindex/Relyvo.build/Debug-iphonesimulator/Relyvo.build/Objects-normal/arm64/Relyvo.swiftmodule -index-unit-output-path /Relyvo.build/Debug-iphonesimulator/Relyvo.build/Objects-normal/arm64/RadioCallViewModel.o -index-store-path /Users/adityarai/Library/Developer/Xcode/DerivedData/Relyvo-epfishyetyyhpkgiyevfxwqjbfzl/Index.noindex/DataStore -index-system-modules

SwiftCompile normal arm64 /Users/adityarai/Desktop/Pingly/Relyvo/ViewModels/RadioCallViewModel.swift (in target 'Relyvo' from project 'Relyvo')
    cd /Users/adityarai/Desktop/Pingly
    builtin-SwiftPerFileCompile RadioCallViewModel.swift

SwiftCompile normal arm64 Compiling\ MessagesViewModel.swift /Users/adityarai/Desktop/Pingly/Relyvo/ViewModels/MessagesViewModel.swift (in target 'Relyvo' from project 'Relyvo')

SwiftCompile normal arm64 /Users/adityarai/Desktop/Pingly/Relyvo/ViewModels/MessagesViewModel.swift (in target 'Relyvo' from project 'Relyvo')
    cd /Users/adityarai/Desktop/Pingly
    builtin-SwiftPerFileCompile MessagesViewModel.swift

SwiftCompile normal arm64 Compiling\ RadioCallView.swift /Users/adityarai/Desktop/Pingly/Relyvo/Views/Radio/RadioCallView.swift (in target 'Relyvo' from project 'Relyvo')

SwiftCompile normal arm64 /Users/adityarai/Desktop/Pingly/Relyvo/Views/Radio/RadioCallView.swift (in target 'Relyvo' from project 'Relyvo')
    cd /Users/adityarai/Desktop/Pingly
    builtin-SwiftPerFileCompile RadioCallView.swift

SwiftCompile normal arm64 Compiling\ MessagesView.swift /Users/adityarai/Desktop/Pingly/Relyvo/Views/Messages/MessagesView.swift (in target 'Relyvo' from project 'Relyvo')

SwiftCompile normal arm64 /Users/adityarai/Desktop/Pingly/Relyvo/Views/Messages/MessagesView.swift (in target 'Relyvo' from project 'Relyvo')
    cd /Users/adityarai/Desktop/Pingly
    builtin-SwiftPerFileCompile MessagesView.swift

SwiftExplicitDependencyGeneratePcm x86_64 /Users/adityarai/Library/Developer/Xcode/DerivedData/SDKExplicitPrecompiledModules/_AvailabilityInternal-9PNU3UB8D90U219IU18QB8JZ9.pcm

SwiftExplicitDependencyGeneratePcm x86_64 /Users/adityarai/Library/Developer/Xcode/DerivedData/SDKExplicitPrecompiledModules/_Builtin_float-45JGN1FVU7Q6RY8B1XSPO8E80.pcm

SwiftExplicitDependencyGeneratePcm x86_64 /Users/adityarai/Library/Developer/Xcode/DerivedData/SDKExplicitPrecompiledModules/SwiftShims-2O3EIUPWZIX37E2Q4FIRY1PSE.pcm

SwiftExplicitDependencyGeneratePcm x86_64 /Users/adityarai/Library/Developer/Xcode/DerivedData/SDKExplicitPrecompiledModules/_Builtin_stdbool-9K5B21AGRRRI2RY8G07F1O04G.pcm

SwiftExplicitDependencyGeneratePcm x86_64 /Users/adityarai/Library/Developer/Xcode/DerivedData/SDKExplicitPrecompiledModules/ptrauth-AE3EBM7KWXASEA39QW5A960PY.pcm

SwiftExplicitDependencyGeneratePcm x86_64 /Users/adityarai/Library/Developer/Xcode/DerivedData/SDKExplicitPrecompiledModules/_StoreKit_SwiftUI-BAD7O58A2ZRFW5B7GSCGOARDJ.pcm

SwiftExplicitDependencyGeneratePcm x86_64 /Users/adityarai/Library/Developer/Xcode/DerivedData/SDKExplicitPrecompiledModules/DeveloperToolsSupport-69Z354YFXW3VD87NGEWIMSITI.pcm

SwiftExplicitDependencyGeneratePcm x86_64 /Users/adityarai/Library/Developer/Xcode/DerivedData/SDKExplicitPrecompiledModules/_Builtin_stdarg-634JLKL92F1VAXZM9UA021LKI.pcm

SwiftExplicitDependencyGeneratePcm x86_64 /Users/adityarai/Library/Developer/Xcode/DerivedData/SDKExplicitPrecompiledModules/_SwiftConcurrencyShims-8F6M5TRU779IBI6H37TZZS67K.pcm

SwiftExplicitDependencyGeneratePcm x86_64 /Users/adityarai/Library/Developer/Xcode/DerivedData/SDKExplicitPrecompiledModules/ptrcheck-4CBQTN1QHI0K42SH8GT9UYKVP.pcm

SwiftExplicitDependencyGeneratePcm x86_64 /Users/adityarai/Library/Developer/Xcode/DerivedData/SDKExplicitPrecompiledModules/_Builtin_stddef-DGH4254E54I4JTLJRHW9P9UD2.pcm

PruneExplicitPrecompiledModules /Users/adityarai/Library/Developer/Xcode/DerivedData/Relyvo-epfishyetyyhpkgiyevfxwqjbfzl/Build/Intermediates.noindex/SwiftExplicitPrecompiledModules

PruneExplicitPrecompiledModules /Users/adityarai/Library/Developer/Xcode/DerivedData/Relyvo-epfishyetyyhpkgiyevfxwqjbfzl/Build/Intermediates.noindex/ExplicitPrecompiledModules

PruneExplicitPrecompiledModules /Users/adityarai/Library/Developer/Xcode/DerivedData/SDKExplicitPrecompiledModules

** BUILD FAILED **


The following build commands failed:
	SwiftCompile normal arm64 Compiling\ RadioCallViewModel.swift /Users/adityarai/Desktop/Pingly/Relyvo/ViewModels/RadioCallViewModel.swift (in target 'Relyvo' from project 'Relyvo')
	SwiftCompile normal arm64 /Users/adityarai/Desktop/Pingly/Relyvo/ViewModels/RadioCallViewModel.swift (in target 'Relyvo' from project 'Relyvo')
	Building project Relyvo with scheme Relyvo
(3 failures)
